[Parameter]
0=three_phase_circuit__1_sm_master/SM_master/Circuit_ITM_Source/Three-Phase Source/Model/Sine Wave A|Frequency|2*pi*Frequency|Scalar|0|1|1|60.0|Sin|1:118:253:9|
1=three_phase_circuit__1_sm_master/SM_master/Original_Circuit/Three-Phase Source1/Model/Sine Wave A|Frequency|2*pi*Frequency|Scalar|0|1|1|60.0|Sin|1:109:253:9|
10=three_phase_circuit__1_sm_master/SM_master/OpAsyncRecv/S-Function1|P3|fp1|Scalar|0|1|1|1.0|S-Function sfun_recv_async|1:91:2|
100=three_phase_circuit__1_sm_master/SM_master/send message 1/S-Function2|P2|send_id|Scalar|0|1|1|1.0|S-Function sfun_send_async|1:100:3|
101=three_phase_circuit__1_sm_master/SM_master/send message 1/S-Function2|P3Size| |RVector|0|1|2|1.0|1.0|S-Function sfun_send_async|1:100:3|
102=three_phase_circuit__1_sm_master/SM_master/send message 1/S-Function2|P3|mode|Scalar|0|1|1|3.0|S-Function sfun_send_async|1:100:3|
103=three_phase_circuit__1_sm_master/SM_master/send message 1/S-Function2|P4Size| |RVector|0|1|2|1.0|1.0|S-Function sfun_send_async|1:100:3|
104=three_phase_circuit__1_sm_master/SM_master/send message 1/S-Function2|P4|fp1|Scalar|0|1|1|1.0|S-Function sfun_send_async|1:100:3|
105=three_phase_circuit__1_sm_master/SM_master/send message 1/S-Function2|P5Size| |RVector|0|1|2|1.0|1.0|S-Function sfun_send_async|1:100:3|
106=three_phase_circuit__1_sm_master/SM_master/send message 1/S-Function2|P5|fp2|Scalar|0|1|1|2.0|S-Function sfun_send_async|1:100:3|
107=three_phase_circuit__1_sm_master/SM_master/send message 1/S-Function2|P6Size| |RVector|0|1|2|1.0|1.0|S-Function sfun_send_async|1:100:3|
108=three_phase_circuit__1_sm_master/SM_master/send message 1/S-Function2|P6|fp3|Scalar|0|1|1|3.0|S-Function sfun_send_async|1:100:3|
109=three_phase_circuit__1_sm_master/SM_master/send message 1/S-Function2|P7Size| |RVector|0|1|2|1.0|1.0|S-Function sfun_send_async|1:100:3|
11=three_phase_circuit__1_sm_master/SM_master/OpAsyncRecv/S-Function1|P4Size| |RVector|0|1|2|1.0|1.0|S-Function sfun_recv_async|1:91:2|
110=three_phase_circuit__1_sm_master/SM_master/send message 1/S-Function2|P7|fp4|Scalar|0|1|1|4.0|S-Function sfun_send_async|1:100:3|
111=three_phase_circuit__1_sm_master/SM_master/send message 1/S-Function2|P8Size| |RVector|0|1|2|1.0|1.0|S-Function sfun_send_async|1:100:3|
112=three_phase_circuit__1_sm_master/SM_master/send message 1/S-Function2|P8|fp5|Scalar|0|1|1|5.0|S-Function sfun_send_async|1:100:3|
113=three_phase_circuit__1_sm_master/SM_master/send message 1/S-Function2|P9Size| |RVector|0|1|2|1.0|7.0|S-Function sfun_send_async|1:100:3|
114=three_phase_circuit__1_sm_master/SM_master/send message 1/S-Function2|P9| |RVector|0|1|7|115.0|116.0|114.0|105.0|110.0|103.0|49.0|S-Function sfun_send_async|1:100:3|
115=three_phase_circuit__1_sm_master/SM_master/send message 1/S-Function2|P10Size| |RVector|0|1|2|1.0|7.0|S-Function sfun_send_async|1:100:3|
116=three_phase_circuit__1_sm_master/SM_master/send message 1/S-Function2|P10| |RVector|0|1|7|115.0|116.0|114.0|105.0|110.0|103.0|50.0|S-Function sfun_send_async|1:100:3|
117=three_phase_circuit__1_sm_master/SM_master/send message 1/S-Function2|P11Size| |RVector|0|1|2|1.0|7.0|S-Function sfun_send_async|1:100:3|
118=three_phase_circuit__1_sm_master/SM_master/send message 1/S-Function2|P11| |RVector|0|1|7|115.0|116.0|114.0|105.0|110.0|103.0|51.0|S-Function sfun_send_async|1:100:3|
119=three_phase_circuit__1_sm_master/SM_master/send message 1/S-Function2|P12Size| |RVector|0|1|2|1.0|7.0|S-Function sfun_send_async|1:100:3|
12=three_phase_circuit__1_sm_master/SM_master/OpAsyncRecv/S-Function1|P4|fp2|Scalar|0|1|1|2.0|S-Function sfun_recv_async|1:91:2|
120=three_phase_circuit__1_sm_master/SM_master/send message 1/S-Function2|P12| |RVector|0|1|7|115.0|116.0|114.0|105.0|110.0|103.0|52.0|S-Function sfun_send_async|1:100:3|
121=three_phase_circuit__1_sm_master/SM_master/send message 1/S-Function2|P13Size| |RVector|0|1|2|1.0|7.0|S-Function sfun_send_async|1:100:3|
122=three_phase_circuit__1_sm_master/SM_master/send message 1/S-Function2|P13| |RVector|0|1|7|115.0|116.0|114.0|105.0|110.0|103.0|53.0|S-Function sfun_send_async|1:100:3|
123=three_phase_circuit__1_sm_master/SM_master/OpIPSocketCtrl|P1Size| |RVector|0|1|2|1.0|1.0|S-Function sfun_gen_async_ctrl|1:463|
124=three_phase_circuit__1_sm_master/SM_master/OpIPSocketCtrl|P1|ctl_id|Scalar|0|1|1|1.0|S-Function sfun_gen_async_ctrl|1:463|
125=three_phase_circuit__1_sm_master/SM_master/OpIPSocketCtrl|P2Size| |RVector|0|1|2|1.0|1.0|S-Function sfun_gen_async_ctrl|1:463|
126=three_phase_circuit__1_sm_master/SM_master/OpIPSocketCtrl|P2|proto|Scalar|0|1|1|1.0|S-Function sfun_gen_async_ctrl|1:463|
127=three_phase_circuit__1_sm_master/SM_master/OpIPSocketCtrl|P3Size| |RVector|0|1|2|1.0|1.0|S-Function sfun_gen_async_ctrl|1:463|
128=three_phase_circuit__1_sm_master/SM_master/OpIPSocketCtrl|P3|ip_port_remote|Scalar|0|1|1|25000.0|S-Function sfun_gen_async_ctrl|1:463|
129=three_phase_circuit__1_sm_master/SM_master/OpIPSocketCtrl|P4Size| |RVector|0|1|2|1.0|1.0|S-Function sfun_gen_async_ctrl|1:463|
13=three_phase_circuit__1_sm_master/SM_master/OpAsyncRecv/S-Function1|P5Size| |RVector|0|1|2|1.0|1.0|S-Function sfun_recv_async|1:91:2|
130=three_phase_circuit__1_sm_master/SM_master/OpIPSocketCtrl|P4|ip_port_local|Scalar|0|1|1|0.0|S-Function sfun_gen_async_ctrl|1:463|
131=three_phase_circuit__1_sm_master/SM_master/OpIPSocketCtrl|P5Size| |RVector|0|1|2|1.0|1.0|S-Function sfun_gen_async_ctrl|1:463|
132=three_phase_circuit__1_sm_master/SM_master/OpIPSocketCtrl|P5|0|Scalar|0|1|1|0.0|S-Function sfun_gen_async_ctrl|1:463|
133=three_phase_circuit__1_sm_master/SM_master/OpIPSocketCtrl|P6Size| |RVector|0|1|2|1.0|1.0|S-Function sfun_gen_async_ctrl|1:463|
134=three_phase_circuit__1_sm_master/SM_master/OpIPSocketCtrl|P6|0|Scalar|0|1|1|0.0|S-Function sfun_gen_async_ctrl|1:463|
135=three_phase_circuit__1_sm_master/SM_master/OpIPSocketCtrl|P7Size| |RVector|0|1|2|1.0|1.0|S-Function sfun_gen_async_ctrl|1:463|
136=three_phase_circuit__1_sm_master/SM_master/OpIPSocketCtrl|P7|0|Scalar|0|1|1|0.0|S-Function sfun_gen_async_ctrl|1:463|
137=three_phase_circuit__1_sm_master/SM_master/OpIPSocketCtrl|P8Size| |RVector|0|1|2|1.0|1.0|S-Function sfun_gen_async_ctrl|1:463|
138=three_phase_circuit__1_sm_master/SM_master/OpIPSocketCtrl|P8|0|Scalar|0|1|1|0.0|S-Function sfun_gen_async_ctrl|1:463|
139=three_phase_circuit__1_sm_master/SM_master/OpIPSocketCtrl|P9Size| |RVector|0|1|2|1.0|1.0|S-Function sfun_gen_async_ctrl|1:463|
14=three_phase_circuit__1_sm_master/SM_master/OpAsyncRecv/S-Function1|P5|fp3|Scalar|0|1|1|3.0|S-Function sfun_recv_async|1:91:2|
140=three_phase_circuit__1_sm_master/SM_master/OpIPSocketCtrl|P9|0|Scalar|0|1|1|0.0|S-Function sfun_gen_async_ctrl|1:463|
141=three_phase_circuit__1_sm_master/SM_master/OpIPSocketCtrl|P10Size| |RVector|0|1|2|1.0|1.0|S-Function sfun_gen_async_ctrl|1:463|
142=three_phase_circuit__1_sm_master/SM_master/OpIPSocketCtrl|P10|0|Scalar|0|1|1|0.0|S-Function sfun_gen_async_ctrl|1:463|
143=three_phase_circuit__1_sm_master/SM_master/OpIPSocketCtrl|P11Size| |RVector|0|1|2|1.0|1.0|S-Function sfun_gen_async_ctrl|1:463|
144=three_phase_circuit__1_sm_master/SM_master/OpIPSocketCtrl|P11|0|Scalar|0|1|1|0.0|S-Function sfun_gen_async_ctrl|1:463|
145=three_phase_circuit__1_sm_master/SM_master/OpIPSocketCtrl|P12Size| |RVector|0|1|2|1.0|1.0|S-Function sfun_gen_async_ctrl|1:463|
146=three_phase_circuit__1_sm_master/SM_master/OpIPSocketCtrl|P12|0|Scalar|0|1|1|0.0|S-Function sfun_gen_async_ctrl|1:463|
147=three_phase_circuit__1_sm_master/SM_master/OpIPSocketCtrl|P13Size| |RVector|0|1|2|1.0|1.0|S-Function sfun_gen_async_ctrl|1:463|
148=three_phase_circuit__1_sm_master/SM_master/OpIPSocketCtrl|P13|0|Scalar|0|1|1|0.0|S-Function sfun_gen_async_ctrl|1:463|
149=three_phase_circuit__1_sm_master/SM_master/OpIPSocketCtrl|P14Size| |RVector|0|1|2|1.0|13.0|S-Function sfun_gen_async_ctrl|1:463|
15=three_phase_circuit__1_sm_master/SM_master/OpAsyncRecv/S-Function1|P6Size| |RVector|0|1|2|1.0|1.0|S-Function sfun_recv_async|1:91:2|
150=three_phase_circuit__1_sm_master/SM_master/OpIPSocketCtrl|P14| |RVector|0|1|13|49.0|57.0|50.0|46.0|49.0|54.0|56.0|46.0|48.0|46.0|50.0|51.0|50.0|S-Function sfun_gen_async_ctrl|1:463|
151=three_phase_circuit__1_sm_master/SM_master/OpIPSocketCtrl|P15Size| |RVector|0|1|2|1.0|7.0|S-Function sfun_gen_async_ctrl|1:463|
152=three_phase_circuit__1_sm_master/SM_master/OpIPSocketCtrl|P15| |RVector|0|1|7|48.0|46.0|48.0|46.0|48.0|46.0|48.0|S-Function sfun_gen_async_ctrl|1:463|
153=three_phase_circuit__1_sm_master/SM_master/OpIPSocketCtrl|P16Size| |RVector|0|1|2|0.0|0.0|S-Function sfun_gen_async_ctrl|1:463|
154=three_phase_circuit__1_sm_master/SM_master/OpIPSocketCtrl|P17Size| |RVector|0|1|2|0.0|0.0|S-Function sfun_gen_async_ctrl|1:463|
155=three_phase_circuit__1_sm_master/SM_master/OpIPSocketCtrl|P18Size| |RVector|0|1|2|0.0|0.0|S-Function sfun_gen_async_ctrl|1:463|
156=three_phase_circuit__1_sm_master/SM_master/OpIPSocketCtrl|P19Size| |RVector|0|1|2|0.0|0.0|S-Function sfun_gen_async_ctrl|1:463|
157=three_phase_circuit__1_sm_master/SM_master/OpIPSocketCtrl|P20Size| |RVector|0|1|2|0.0|0.0|S-Function sfun_gen_async_ctrl|1:463|
158=three_phase_circuit__1_sm_master/SM_master/OpIPSocketCtrl|P21Size| |RVector|0|1|2|0.0|0.0|S-Function sfun_gen_async_ctrl|1:463|
159=three_phase_circuit__1_sm_master/SM_master/OpIPSocketCtrl|P22Size| |RVector|0|1|2|0.0|0.0|S-Function sfun_gen_async_ctrl|1:463|
16=three_phase_circuit__1_sm_master/SM_master/OpAsyncRecv/S-Function1|P6|fp4|Scalar|0|1|1|4.0|S-Function sfun_recv_async|1:91:2|
160=three_phase_circuit__1_sm_master/SM_master/OpIPSocketCtrl|P23Size| |RVector|0|1|2|0.0|0.0|S-Function sfun_gen_async_ctrl|1:463|
161=three_phase_circuit__1_sm_master/SM_master/OpIPSocketCtrl|P24Size| |RVector|0|1|2|0.0|0.0|S-Function sfun_gen_async_ctrl|1:463|
162=three_phase_circuit__1_sm_master/SM_master/OpIPSocketCtrl|P25Size| |RVector|0|1|2|0.0|0.0|S-Function sfun_gen_async_ctrl|1:463|
163=three_phase_circuit__1_sm_master/SM_master/OpIPSocketCtrl|P26Size| |RVector|0|1|2|1.0|7.0|S-Function sfun_gen_async_ctrl|1:463|
164=three_phase_circuit__1_sm_master/SM_master/OpIPSocketCtrl|P26| |RVector|0|1|7|65.0|115.0|121.0|110.0|99.0|73.0|80.0|S-Function sfun_gen_async_ctrl|1:463|
165=three_phase_circuit__1_sm_master/SM_master/OpIPSocketCtrl|P27Size| |RVector|0|1|2|1.0|1.0|S-Function sfun_gen_async_ctrl|1:463|
166=three_phase_circuit__1_sm_master/SM_master/OpIPSocketCtrl|P27|0|Scalar|0|1|1|0.0|S-Function sfun_gen_async_ctrl|1:463|
17=three_phase_circuit__1_sm_master/SM_master/OpAsyncRecv/S-Function1|P7Size| |RVector|0|1|2|1.0|1.0|S-Function sfun_recv_async|1:91:2|
18=three_phase_circuit__1_sm_master/SM_master/OpAsyncRecv/S-Function1|P7|fp5|Scalar|0|1|1|5.0|S-Function sfun_recv_async|1:91:2|
19=three_phase_circuit__1_sm_master/SM_master/OpAsyncRecv/S-Function1|P8Size| |RVector|0|1|2|1.0|7.0|S-Function sfun_recv_async|1:91:2|
2=three_phase_circuit__1_sm_master/OpCCode_do_not_touch/S-Function1|Value|0|Scalar|0|1|1|0.0|Constant|465:7|
20=three_phase_circuit__1_sm_master/SM_master/OpAsyncRecv/S-Function1|P8| |RVector|0|1|7|115.0|116.0|114.0|105.0|110.0|103.0|49.0|S-Function sfun_recv_async|1:91:2|
21=three_phase_circuit__1_sm_master/SM_master/OpAsyncRecv/S-Function1|P9Size| |RVector|0|1|2|1.0|7.0|S-Function sfun_recv_async|1:91:2|
22=three_phase_circuit__1_sm_master/SM_master/OpAsyncRecv/S-Function1|P9| |RVector|0|1|7|115.0|116.0|114.0|105.0|110.0|103.0|50.0|S-Function sfun_recv_async|1:91:2|
23=three_phase_circuit__1_sm_master/SM_master/OpAsyncRecv/S-Function1|P10Size| |RVector|0|1|2|1.0|7.0|S-Function sfun_recv_async|1:91:2|
24=three_phase_circuit__1_sm_master/SM_master/OpAsyncRecv/S-Function1|P10| |RVector|0|1|7|115.0|116.0|114.0|105.0|110.0|103.0|51.0|S-Function sfun_recv_async|1:91:2|
25=three_phase_circuit__1_sm_master/SM_master/OpAsyncRecv/S-Function1|P11Size| |RVector|0|1|2|1.0|7.0|S-Function sfun_recv_async|1:91:2|
26=three_phase_circuit__1_sm_master/SM_master/OpAsyncRecv/S-Function1|P11| |RVector|0|1|7|115.0|116.0|114.0|105.0|110.0|103.0|52.0|S-Function sfun_recv_async|1:91:2|
27=three_phase_circuit__1_sm_master/SM_master/OpAsyncRecv/S-Function1|P12Size| |RVector|0|1|2|1.0|7.0|S-Function sfun_recv_async|1:91:2|
28=three_phase_circuit__1_sm_master/SM_master/OpAsyncRecv/S-Function1|P12| |RVector|0|1|7|115.0|116.0|114.0|105.0|110.0|103.0|53.0|S-Function sfun_recv_async|1:91:2|
29=three_phase_circuit__1_sm_master/SM_master/OpAsyncRecv/S-Function1|P13Size| |RVector|0|1|2|1.0|1.0|S-Function sfun_recv_async|1:91:2|
3=three_phase_circuit__1_sm_master/OpCCode_do_not_touch/S-Function|InitialCondition|0|Scalar|0|1|1|0.0|Memory|465:6|
30=three_phase_circuit__1_sm_master/SM_master/OpAsyncRecv/S-Function1|P13| |Scalar|0|1|1|54.0|S-Function sfun_recv_async|1:91:2|
31=three_phase_circuit__1_sm_master/SM_master/OpAsyncRecv/S-Function1|P14Size| |RVector|0|1|2|1.0|1.0|S-Function sfun_recv_async|1:91:2|
32=three_phase_circuit__1_sm_master/SM_master/OpAsyncRecv/S-Function1|P14| |Scalar|0|1|1|55.0|S-Function sfun_recv_async|1:91:2|
33=three_phase_circuit__1_sm_master/SM_master/Circuit_ITM_Source/Three-Phase Source/Model/Sine Wave A|Amplitude|Aa|Scalar|0|1|1|179.62924780409975|Sin|1:118:253:9|
34=three_phase_circuit__1_sm_master/SM_master/Circuit_ITM_Source/Three-Phase Source/Model/Sine Wave A|Bias|0|Scalar|0|1|1|0.0|Sin|1:118:253:9|
35=three_phase_circuit__1_sm_master/SM_master/Circuit_ITM_Source/Three-Phase Source/Model/Sine Wave A|SinH| |Scalar|0|1|1|0.028270566770273248|Sin|1:118:253:9|
36=three_phase_circuit__1_sm_master/SM_master/Circuit_ITM_Source/Three-Phase Source/Model/Sine Wave A|CosH| |Scalar|0|1|1|0.99960030765025654|Sin|1:118:253:9|
37=three_phase_circuit__1_sm_master/SM_master/Circuit_ITM_Source/Three-Phase Source/Model/Sine Wave A|SinPhi| |Scalar|0|1|1|-0.028270566770273248|Sin|1:118:253:9|
38=three_phase_circuit__1_sm_master/SM_master/Circuit_ITM_Source/Three-Phase Source/Model/Sine Wave A|CosPhi| |Scalar|0|1|1|0.99960030765025654|Sin|1:118:253:9|
39=three_phase_circuit__1_sm_master/SM_master/Circuit_ITM_Source/Three-Phase Source/Model/Sine Wave B|Amplitude|Ab|Scalar|0|1|1|179.62924780409975|Sin|1:118:253:10|
4=three_phase_circuit__1_sm_master/SM_master/timeout|Value|2|Scalar|0|1|1|2.0|Constant|1:102|
40=three_phase_circuit__1_sm_master/SM_master/Circuit_ITM_Source/Three-Phase Source/Model/Sine Wave B|Bias|0|Scalar|0|1|1|0.0|Sin|1:118:253:10|
41=three_phase_circuit__1_sm_master/SM_master/Circuit_ITM_Source/Three-Phase Source/Model/Sine Wave B|SinH| |Scalar|0|1|1|0.028270566770273248|Sin|1:118:253:10|
42=three_phase_circuit__1_sm_master/SM_master/Circuit_ITM_Source/Three-Phase Source/Model/Sine Wave B|CosH| |Scalar|0|1|1|0.99960030765025654|Sin|1:118:253:10|
43=three_phase_circuit__1_sm_master/SM_master/Circuit_ITM_Source/Three-Phase Source/Model/Sine Wave B|SinPhi| |Scalar|0|1|1|-0.851543976670726|Sin|1:118:253:10|
44=three_phase_circuit__1_sm_master/SM_master/Circuit_ITM_Source/Three-Phase Source/Model/Sine Wave B|CosPhi| |Scalar|0|1|1|-0.52428318282756892|Sin|1:118:253:10|
45=three_phase_circuit__1_sm_master/SM_master/Circuit_ITM_Source/Three-Phase Source/Model/Sine Wave C|Amplitude|Ac|Scalar|0|1|1|179.62924780409975|Sin|1:118:253:11|
46=three_phase_circuit__1_sm_master/SM_master/Circuit_ITM_Source/Three-Phase Source/Model/Sine Wave C|Bias|0|Scalar|0|1|1|0.0|Sin|1:118:253:11|
47=three_phase_circuit__1_sm_master/SM_master/Circuit_ITM_Source/Three-Phase Source/Model/Sine Wave C|SinH| |Scalar|0|1|1|0.028270566770273248|Sin|1:118:253:11|
48=three_phase_circuit__1_sm_master/SM_master/Circuit_ITM_Source/Three-Phase Source/Model/Sine Wave C|CosH| |Scalar|0|1|1|0.99960030765025654|Sin|1:118:253:11|
49=three_phase_circuit__1_sm_master/SM_master/Circuit_ITM_Source/Three-Phase Source/Model/Sine Wave C|SinPhi| |Scalar|0|1|1|0.8798145434409993|Sin|1:118:253:11|
5=three_phase_circuit__1_sm_master/SM_master/OpAsyncRecv/S-Function1|P1Size| |RVector|0|1|2|1.0|1.0|S-Function sfun_recv_async|1:91:2|
50=three_phase_circuit__1_sm_master/SM_master/Circuit_ITM_Source/Three-Phase Source/Model/Sine Wave C|CosPhi| |Scalar|0|1|1|-0.47531712482268723|Sin|1:118:253:11|
51=three_phase_circuit__1_sm_master/powergui/EquivalentModel1/State-Space|DS_param|S.D|Matrix|0|6|6|-2.0|0.0|0.0|1.0|0.0|0.0|0.0|-2.0|0.0|0.0|1.0|0.0|0.0|0.0|-2.0|0.0|0.0|1.0|1.0|0.0|0.0|0.0|0.0|0.0|0.0|1.0|0.0|0.0|0.0|0.0|0.0|0.0|1.0|0.0|0.0|0.0|S-Function sfun_spssw_discc|105:228|
52=three_phase_circuit__1_sm_master/SM_master/Circuit_ITM_Source/Three-Phase V-I Measurement/Model/U A:/do not delete this gain|Gain|1|Scalar|0|1|1|1.0|Gain|1:117:524:108:2|
53=three_phase_circuit__1_sm_master/SM_master/Circuit_ITM_Source/Three-Phase V-I Measurement/Model/U B:/do not delete this gain|Gain|1|Scalar|0|1|1|1.0|Gain|1:117:524:109:2|
54=three_phase_circuit__1_sm_master/SM_master/Circuit_ITM_Source/Three-Phase V-I Measurement/Model/U C:/do not delete this gain|Gain|1|Scalar|0|1|1|1.0|Gain|1:117:524:110:2|
55=three_phase_circuit__1_sm_master/SM_master/Circuit_ITM_Source/Three-Phase V-I Measurement/Kv1|Gain|Kv|Scalar|0|1|1|1.0|Gain|1:117:100|
56=three_phase_circuit__1_sm_master/SM_master/Original_Circuit/Three-Phase Source1/Model/Sine Wave A|Amplitude|Aa|Scalar|0|1|1|179.62924780409975|Sin|1:109:253:9|
57=three_phase_circuit__1_sm_master/SM_master/Original_Circuit/Three-Phase Source1/Model/Sine Wave A|Bias|0|Scalar|0|1|1|0.0|Sin|1:109:253:9|
58=three_phase_circuit__1_sm_master/SM_master/Original_Circuit/Three-Phase Source1/Model/Sine Wave A|SinH| |Scalar|0|1|1|0.028270566770273248|Sin|1:109:253:9|
59=three_phase_circuit__1_sm_master/SM_master/Original_Circuit/Three-Phase Source1/Model/Sine Wave A|CosH| |Scalar|0|1|1|0.99960030765025654|Sin|1:109:253:9|
6=three_phase_circuit__1_sm_master/SM_master/OpAsyncRecv/S-Function1|P1|ctl_id|Scalar|0|1|1|1.0|S-Function sfun_recv_async|1:91:2|
60=three_phase_circuit__1_sm_master/SM_master/Original_Circuit/Three-Phase Source1/Model/Sine Wave A|SinPhi| |Scalar|0|1|1|-0.028270566770273248|Sin|1:109:253:9|
61=three_phase_circuit__1_sm_master/SM_master/Original_Circuit/Three-Phase Source1/Model/Sine Wave A|CosPhi| |Scalar|0|1|1|0.99960030765025654|Sin|1:109:253:9|
62=three_phase_circuit__1_sm_master/SM_master/Original_Circuit/Three-Phase Source1/Model/Sine Wave B|Amplitude|Ab|Scalar|0|1|1|179.62924780409975|Sin|1:109:253:10|
63=three_phase_circuit__1_sm_master/SM_master/Original_Circuit/Three-Phase Source1/Model/Sine Wave B|Bias|0|Scalar|0|1|1|0.0|Sin|1:109:253:10|
64=three_phase_circuit__1_sm_master/SM_master/Original_Circuit/Three-Phase Source1/Model/Sine Wave B|SinH| |Scalar|0|1|1|0.028270566770273248|Sin|1:109:253:10|
65=three_phase_circuit__1_sm_master/SM_master/Original_Circuit/Three-Phase Source1/Model/Sine Wave B|CosH| |Scalar|0|1|1|0.99960030765025654|Sin|1:109:253:10|
66=three_phase_circuit__1_sm_master/SM_master/Original_Circuit/Three-Phase Source1/Model/Sine Wave B|SinPhi| |Scalar|0|1|1|-0.851543976670726|Sin|1:109:253:10|
67=three_phase_circuit__1_sm_master/SM_master/Original_Circuit/Three-Phase Source1/Model/Sine Wave B|CosPhi| |Scalar|0|1|1|-0.52428318282756892|Sin|1:109:253:10|
68=three_phase_circuit__1_sm_master/SM_master/Original_Circuit/Three-Phase Source1/Model/Sine Wave C|Amplitude|Ac|Scalar|0|1|1|179.62924780409975|Sin|1:109:253:11|
69=three_phase_circuit__1_sm_master/SM_master/Original_Circuit/Three-Phase Source1/Model/Sine Wave C|Bias|0|Scalar|0|1|1|0.0|Sin|1:109:253:11|
7=three_phase_circuit__1_sm_master/SM_master/OpAsyncRecv/S-Function1|P2Size| |RVector|0|1|2|1.0|1.0|S-Function sfun_recv_async|1:91:2|
70=three_phase_circuit__1_sm_master/SM_master/Original_Circuit/Three-Phase Source1/Model/Sine Wave C|SinH| |Scalar|0|1|1|0.028270566770273248|Sin|1:109:253:11|
71=three_phase_circuit__1_sm_master/SM_master/Original_Circuit/Three-Phase Source1/Model/Sine Wave C|CosH| |Scalar|0|1|1|0.99960030765025654|Sin|1:109:253:11|
72=three_phase_circuit__1_sm_master/SM_master/Original_Circuit/Three-Phase Source1/Model/Sine Wave C|SinPhi| |Scalar|0|1|1|0.8798145434409993|Sin|1:109:253:11|
73=three_phase_circuit__1_sm_master/SM_master/Original_Circuit/Three-Phase Source1/Model/Sine Wave C|CosPhi| |Scalar|0|1|1|-0.47531712482268723|Sin|1:109:253:11|
74=three_phase_circuit__1_sm_master/powergui/EquivalentModel2/State-Space|AS_param|S.A|Matrix|0|6|6|-0.99726206662157546|3.6287457415854746E-8|0.0|0.0|0.0|0.0|-0.030965296996410596|0.9999995895985252|0.0|0.0|0.0|0.0|0.0|0.0|-0.99726206662157546|3.6287457415854746E-8|0.0|0.0|0.0|0.0|-0.030965296996410596|0.9999995895985252|0.0|0.0|0.0|0.0|0.0|0.0|-0.99726206662157546|3.6287457415854746E-8|0.0|0.0|0.0|0.0|-0.030965296996410596|0.9999995895985252|S-Function sfun_spssw_discc|105:246|
75=three_phase_circuit__1_sm_master/powergui/EquivalentModel2/State-Space|BS_param|S.B|Matrix|0|6|3|412.87062661880805|0.0054720196626216171|0.0|0.0|0.0|0.0|0.0|0.0|412.87062661880805|0.0054720196626216171|0.0|0.0|0.0|0.0|0.0|0.0|412.87062661880805|0.0054720196626216171|S-Function sfun_spssw_discc|105:246|
76=three_phase_circuit__1_sm_master/powergui/EquivalentModel2/State-Space|CS_param|S.C|Matrix|0|6|6|-2.0534500338184004E-7|0.0|0.0|1.0267250169092002E-7|0.0|0.0|2.3223972747307947E-6|0.0|0.0|-1.1611986373653973E-6|0.0|0.0|0.0|-2.0534500338184004E-7|0.0|0.0|1.0267250169092002E-7|0.0|0.0|2.3223972747307947E-6|0.0|0.0|-1.1611986373653973E-6|0.0|0.0|0.0|-2.0534500338184004E-7|0.0|0.0|1.0267250169092002E-7|0.0|0.0|2.3223972747307947E-6|0.0|0.0|-1.1611986373653973E-6|S-Function sfun_spssw_discc|105:246|
77=three_phase_circuit__1_sm_master/powergui/EquivalentModel2/State-Space|DS_param|S.D|Matrix|0|6|3|0.9690347030035894|0.0|0.0|0.0154826484982053|0.0|0.0|0.0|0.9690347030035894|0.0|0.0|0.0154826484982053|0.0|0.0|0.0|0.9690347030035894|0.0|0.0|0.0154826484982053|S-Function sfun_spssw_discc|105:246|
78=three_phase_circuit__1_sm_master/powergui/EquivalentModel2/State-Space|X0_param|S.x0|CVector|0|6|1|-525.13053446318031|-34.811867344227451|-31895.260305061936|17.83228653130432|32420.390839528292|16.979580812923114|S-Function sfun_spssw_discc|105:246|
79=three_phase_circuit__1_sm_master/SM_master/Original_Circuit/Three-Phase V-I Measurement1/Model/U A:/do not delete this gain|Gain|1|Scalar|0|1|1|1.0|Gain|1:108:524:108:2|
8=three_phase_circuit__1_sm_master/SM_master/OpAsyncRecv/S-Function1|P2|recv_id|Scalar|0|1|1|1.0|S-Function sfun_recv_async|1:91:2|
80=three_phase_circuit__1_sm_master/SM_master/Original_Circuit/Three-Phase V-I Measurement1/Model/U B:/do not delete this gain|Gain|1|Scalar|0|1|1|1.0|Gain|1:108:524:109:2|
81=three_phase_circuit__1_sm_master/SM_master/Original_Circuit/Three-Phase V-I Measurement1/Model/U C:/do not delete this gain|Gain|1|Scalar|0|1|1|1.0|Gain|1:108:524:110:2|
82=three_phase_circuit__1_sm_master/SM_master/Original_Circuit/Three-Phase V-I Measurement1/Kv1|Gain|Kv|Scalar|0|1|1|1.0|Gain|1:108:100|
83=three_phase_circuit__1_sm_master/SM_master/Original_Circuit/Three-Phase V-I Measurement1/Model/I A:/do not delete this gain|Gain|1|Scalar|0|1|1|1.0|Gain|1:108:524:105:2|
84=three_phase_circuit__1_sm_master/SM_master/Original_Circuit/Three-Phase V-I Measurement1/Model/I B:/do not delete this gain|Gain|1|Scalar|0|1|1|1.0|Gain|1:108:524:106:2|
85=three_phase_circuit__1_sm_master/SM_master/Original_Circuit/Three-Phase V-I Measurement1/Model/I C:/do not delete this gain|Gain|1|Scalar|0|1|1|1.0|Gain|1:108:524:107:2|
86=three_phase_circuit__1_sm_master/SM_master/Original_Circuit/Three-Phase V-I Measurement1/Kv|Gain|Ki|Scalar|0|1|1|1.0|Gain|1:108:99|
87=three_phase_circuit__1_sm_master/SM_master/rtlab_send_subsystem/Subsystem1/Send1/S-Function|P1Size| |RVector|0|1|2|1.0|1.0|S-Function OP_SEND|1:469:31|
88=three_phase_circuit__1_sm_master/SM_master/rtlab_send_subsystem/Subsystem1/Send1/S-Function|P1|Acqu_group|Scalar|0|1|1|1.0|S-Function OP_SEND|1:469:31|
89=three_phase_circuit__1_sm_master/SM_master/Circuit_ITM_Source/Three-Phase V-I Measurement/Model/I A:/do not delete this gain|Gain|1|Scalar|0|1|1|1.0|Gain|1:117:524:105:2|
9=three_phase_circuit__1_sm_master/SM_master/OpAsyncRecv/S-Function1|P3Size| |RVector|0|1|2|1.0|1.0|S-Function sfun_recv_async|1:91:2|
90=three_phase_circuit__1_sm_master/SM_master/Circuit_ITM_Source/Three-Phase V-I Measurement/Model/I B:/do not delete this gain|Gain|1|Scalar|0|1|1|1.0|Gain|1:117:524:106:2|
91=three_phase_circuit__1_sm_master/SM_master/Circuit_ITM_Source/Three-Phase V-I Measurement/Model/I C:/do not delete this gain|Gain|1|Scalar|0|1|1|1.0|Gain|1:117:524:107:2|
92=three_phase_circuit__1_sm_master/SM_master/Circuit_ITM_Source/Three-Phase V-I Measurement/Kv|Gain|Ki|Scalar|0|1|1|1.0|Gain|1:117:99|
93=three_phase_circuit__1_sm_master/SM_master/data ready 2.5 kHz|Amplitude|1|Scalar|0|1|1|1.0|DiscretePulseGenerator|1:99|
94=three_phase_circuit__1_sm_master/SM_master/data ready 2.5 kHz|Period|2|Scalar|0|1|1|2.0|DiscretePulseGenerator|1:99|
95=three_phase_circuit__1_sm_master/SM_master/data ready 2.5 kHz|PulseWidth|2|Scalar|0|1|1|2.0|DiscretePulseGenerator|1:99|
96=three_phase_circuit__1_sm_master/SM_master/data ready 2.5 kHz|PhaseDelay|0|Scalar|0|1|1|0.0|DiscretePulseGenerator|1:99|
97=three_phase_circuit__1_sm_master/SM_master/send message 1/S-Function2|P1Size| |RVector|0|1|2|1.0|1.0|S-Function sfun_send_async|1:100:3|
98=three_phase_circuit__1_sm_master/SM_master/send message 1/S-Function2|P1|ctl_id|Scalar|0|1|1|1.0|S-Function sfun_send_async|1:100:3|
99=three_phase_circuit__1_sm_master/SM_master/send message 1/S-Function2|P2Size| |RVector|0|1|2|1.0|1.0|S-Function sfun_send_async|1:100:3|
nbParameters=167
[Signal]
0=three_phase_circuit__1_sm_master/OpCCode_do_not_touch/S-Function|NULL|0|1|1|1|S|Memory|0|465:6|
1=three_phase_circuit__1_sm_master/OpCCode_do_not_touch/Sum|NULL|1|1|1|1|S|Sum|0|465:9|
10=three_phase_circuit__1_sm_master/SM_master/Circuit_ITM_Source/Three-Phase V-I Measurement/Model/U A:/do not delete this gain|NULL|10|1|1|1|S|Gain|0|1:117:524:108:2|
11=three_phase_circuit__1_sm_master/SM_master/Circuit_ITM_Source/Three-Phase V-I Measurement/Model/U B:/do not delete this gain|NULL|11|1|1|1|S|Gain|0|1:117:524:109:2|
12=three_phase_circuit__1_sm_master/SM_master/Circuit_ITM_Source/Three-Phase V-I Measurement/Model/U C:/do not delete this gain|NULL|12|1|1|1|S|Gain|0|1:117:524:110:2|
13=three_phase_circuit__1_sm_master/SM_master/Circuit_ITM_Source/Three-Phase V-I Measurement/Kv1|NULL|13|3|3|1|V|Gain|0|1:117:100|
14=three_phase_circuit__1_sm_master/SM_master/Original_Circuit/Three-Phase Source1/Model/Sine Wave A|NULL|14|1|1|1|S|Sin|0|1:109:253:9|
15=three_phase_circuit__1_sm_master/SM_master/Original_Circuit/Three-Phase Source1/Model/Sine Wave B|NULL|15|1|1|1|S|Sin|0|1:109:253:10|
16=three_phase_circuit__1_sm_master/SM_master/Original_Circuit/Three-Phase Source1/Model/Sine Wave C|NULL|16|1|1|1|S|Sin|0|1:109:253:11|
17=three_phase_circuit__1_sm_master/powergui/EquivalentModel2/State-Space|NULL|17|6|6|1|V|S-Function sfun_spssw_discc|0|105:246|
18=three_phase_circuit__1_sm_master/SM_master/Original_Circuit/Three-Phase V-I Measurement1/Model/U A:/do not delete this gain|NULL|18|1|1|1|S|Gain|0|1:108:524:108:2|
19=three_phase_circuit__1_sm_master/SM_master/Original_Circuit/Three-Phase V-I Measurement1/Model/U B:/do not delete this gain|NULL|19|1|1|1|S|Gain|0|1:108:524:109:2|
2=three_phase_circuit__1_sm_master/SM_master/timeout|NULL|2|1|1|1|S|Constant|0|1:102|
20=three_phase_circuit__1_sm_master/SM_master/Original_Circuit/Three-Phase V-I Measurement1/Model/U C:/do not delete this gain|NULL|20|1|1|1|S|Gain|0|1:108:524:110:2|
21=three_phase_circuit__1_sm_master/SM_master/Original_Circuit/Three-Phase V-I Measurement1/Kv1|NULL|21|3|3|1|V|Gain|0|1:108:100|
22=three_phase_circuit__1_sm_master/SM_master/Original_Circuit/Three-Phase V-I Measurement1/Model/I A:/do not delete this gain|NULL|22|1|1|1|S|Gain|0|1:108:524:105:2|
23=three_phase_circuit__1_sm_master/SM_master/Original_Circuit/Three-Phase V-I Measurement1/Model/I B:/do not delete this gain|NULL|23|1|1|1|S|Gain|0|1:108:524:106:2|
24=three_phase_circuit__1_sm_master/SM_master/Original_Circuit/Three-Phase V-I Measurement1/Model/I C:/do not delete this gain|NULL|24|1|1|1|S|Gain|0|1:108:524:107:2|
25=three_phase_circuit__1_sm_master/SM_master/Original_Circuit/Three-Phase V-I Measurement1/Kv|NULL|25|3|3|1|V|Gain|0|1:108:99|
26=three_phase_circuit__1_sm_master/SM_master/Circuit_ITM_Source/Three-Phase V-I Measurement/Model/I A:/do not delete this gain|NULL|26|1|1|1|S|Gain|0|1:117:524:105:2|
27=three_phase_circuit__1_sm_master/SM_master/Circuit_ITM_Source/Three-Phase V-I Measurement/Model/I B:/do not delete this gain|NULL|27|1|1|1|S|Gain|0|1:117:524:106:2|
28=three_phase_circuit__1_sm_master/SM_master/Circuit_ITM_Source/Three-Phase V-I Measurement/Model/I C:/do not delete this gain|NULL|28|1|1|1|S|Gain|0|1:117:524:107:2|
29=three_phase_circuit__1_sm_master/SM_master/Circuit_ITM_Source/Three-Phase V-I Measurement/Kv|NULL|29|3|3|1|V|Gain|0|1:117:99|
3=three_phase_circuit__1_sm_master/SM_master/OpAsyncRecv/S-Function1|NULL|3|1|1|1|S|S-Function sfun_recv_async|0|1:91:2|
30=three_phase_circuit__1_sm_master/SM_master/data ready 2.5 kHz|NULL|30|1|1|1|S|DiscretePulseGenerator|0|1:99|
31=three_phase_circuit__1_sm_master/SM_master/send message 1/S-Function2|NULL|31|1|1|1|S|S-Function sfun_send_async|0|1:100:3|
4=three_phase_circuit__1_sm_master/SM_master/OpAsyncRecv/S-Function1|NULL|4|1|1|1|S|S-Function sfun_recv_async|0|1:91:2|
5=three_phase_circuit__1_sm_master/SM_master/OpAsyncRecv/S-Function1|NULL|5|3|3|1|V|S-Function sfun_recv_async|0|1:91:2|
6=three_phase_circuit__1_sm_master/SM_master/Circuit_ITM_Source/Three-Phase Source/Model/Sine Wave A|NULL|6|1|1|1|S|Sin|0|1:118:253:9|
7=three_phase_circuit__1_sm_master/SM_master/Circuit_ITM_Source/Three-Phase Source/Model/Sine Wave B|NULL|7|1|1|1|S|Sin|0|1:118:253:10|
8=three_phase_circuit__1_sm_master/SM_master/Circuit_ITM_Source/Three-Phase Source/Model/Sine Wave C|NULL|8|1|1|1|S|Sin|0|1:118:253:11|
9=three_phase_circuit__1_sm_master/powergui/EquivalentModel1/State-Space|NULL|9|6|6|1|V|S-Function sfun_spssw_discc|0|105:228|
nbSignals=32
[ModelDataStructure]
128=zCCacheNeedsReset
22=derivCacheNeedsReset
8=CTOutputIncnstWithState
[dwork]
0=StateSpace_DSTATE|real_T|
1=SFunction_PreviousInput|real_T|
10=lastSin_kg|real_T|
11=lastCos_l|real_T|
12=lastSin_p|real_T|
13=lastCos_h|real_T|
19=systemEnable|int32_T|
2=lastSin|real_T|
20=systemEnable_a|int32_T|
21=systemEnable_k|int32_T|
22=systemEnable_d|int32_T|
23=systemEnable_e|int32_T|
24=systemEnable_g|int32_T|
25=clockTickCounter|int32_T|
26=StateSpace_IWORK|IWORK|
27=StateSpace_IWORK_p|IWORK|
28=SFunction_IWORK|IWORK|
3=lastCos|real_T|
4=lastSin_g|real_T|
5=lastCos_m|real_T|
6=lastSin_m|real_T|
7=lastCos_i|real_T|
8=lastSin_k|real_T|
9=lastCos_a|real_T|
[TimingStructure]
101=simTimeStep
103=tStart
104=stepSize
105=stepSize0
107=stopRequestedFlag
116=tArray
130=timeOfLastOutput
27=tFinal
3=clockTick0
4=clockTickH0
66=offsetTimesArray
72=perTaskSampleHitsArray
90=sampleHitArray
94=sampleTimesArray
97=sampleTimeTaskIDArray
